
> ro_mahizh@0.1.0 build
> next build

Γû▓ Next.js 16.1.6 (Turbopack)

  Creating an optimized production build ...
node.exe : 
At D:\Node Js Files\npm.ps1:29 char:3
+   & $NODE_EXE $NPM_CLI_JS $args
+   ~~~~~~~~~~~~~~~~~~~~~~~~~~~~~
    + CategoryInfo          : NotSpec 
   ified: (:String) [], RemoteExcept  
  ion
    + FullyQualifiedErrorId : NativeC 
   ommandError
 
> Build error occurred
Error: Turbopack build failed with 1 
errors:
./src/components/ui/GlobalOverlays.mod
ule.css
Transforming CSS failed
Selector "select" is not pure. Pure 
selectors must contain at least one 
local class or id.

Import traces:
  Client Component Browser:
    ./src/components/ui/GlobalOverlays
.module.css [Client Component Browser]
    ./src/components/ui/GlobalOverlays
.tsx [Client Component Browser]
    ./src/components/ui/GlobalOverlays
.tsx [Server Component]
    ./src/app/layout.tsx [Server 
Component]

  Client Component SSR:
    ./src/components/ui/GlobalOverlays
.module.css [Client Component SSR]
    ./src/components/ui/GlobalOverlays
.tsx [Client Component SSR]
    ./src/components/ui/GlobalOverlays
.tsx [Server Component]
    ./src/app/layout.tsx [Server 
Component]


    at ignore-listed frames
